// Jest Snapshot v1, https://goo.gl/fbAQLP

exports[`Component: Footer should match snapshot 1`] = `
<footer
  class="footer"
  data-testid="footer"
/>
`;
